 emp_num | emp_lname | emp_fname | emp_initial | emp_hiredate | job_code 
---------+-----------+-----------+-------------+--------------+----------
     101 | News      | John      | G           | 2000-11-08   |      502
     102 | Senior    | David     | H           | 1989-07-12   |      501
(2 rows)

