 emp_num | emp_lname  | emp_fname | emp_initial | emp_hiredate | job_code 
---------+------------+-----------+-------------+--------------+----------
     101 | News       | John      | G           | 2000-11-08   |      502
     102 | Senior     | David     | H           | 1989-07-12   |      501
     103 | Arbough    | June      | E           | 1995-12-01   |      500
     104 | Ramoras    | Anne      | K           | 1987-11-15   |      501
     105 | Johnson    | Alice     | K           | 1993-02-01   |      502
     107 | Alonzo     | Maria     | D           | 1993-10-10   |      501
     108 | Washington | Ralph     | B           | 1991-07-22   |      501
     109 | Smith      | Larry     | W           | 1997-07-18   |      501
(8 rows)

