 emp_num | emp_lname | emp_fname |  sal_from  |  sal_end   | sal_amount 
---------+-----------+-----------+------------+------------+------------
   83731 | VARGAS    | SHERON    | 2012-07-15 | 2013-07-14 |   43740.00
   83731 | VARGAS    | SHERON    | 2013-07-14 | 2014-07-13 |   48110.00
   83731 | VARGAS    | SHERON    | 2014-07-14 | 2015-07-14 |   49550.00
   83731 | VARGAS    | SHERON    | 2015-07-15 |            |   51040.00
   83745 | SPICER    | DWAIN     | 2009-08-02 | 2010-08-01 |   56020.00
   83745 | SPICER    | DWAIN     | 2010-08-02 | 2011-08-02 |   57700.00
   83745 | SPICER    | DWAIN     | 2011-08-03 | 2012-08-01 |   63470.00
   83745 | SPICER    | DWAIN     | 2012-08-02 | 2013-08-01 |   68550.00
   83745 | SPICER    | DWAIN     | 2013-08-01 | 2014-07-31 |   71980.00
   83745 | SPICER    | DWAIN     | 2014-08-01 | 2015-08-01 |   74140.00
   83745 | SPICER    | DWAIN     | 2015-08-02 |            |   76360.00
   84039 | COLEMAN   | HANNAH    | 2012-06-28 | 2013-06-27 |   47380.00
   84039 | COLEMAN   | HANNAH    | 2013-06-27 | 2014-06-26 |   51170.00
   84039 | COLEMAN   | HANNAH    | 2014-06-27 | 2015-06-27 |   52700.00
   84039 | COLEMAN   | HANNAH    | 2015-06-28 |            |   54280.00
(15 rows)

