    brand_name     | count 
-------------------+-------
 BINDER PRIME      |    27
 BUSTERS           |    25
 FORESTERS BEST    |    15
 HOME COMFORT      |    36
 LE MODE           |    36
 LONG HAUL         |    41
 OLDE TYME QUALITY |    27
 STUTTENFURST      |    27
 VALU-MATTE        |    18
(9 rows)

