 prod_category | count 
---------------+-------
 Cleaner       |     2
 Filler        |     2
 Primer        |    16
 Sealer        |     1
 Top Coat      |    81
(5 rows)

