 prod_base | prod_type | count 
-----------+-----------+-------
 Solvent   | Exterior  |    67
 Solvent   | Interior  |    83
 Water     | Exterior  |    39
 Water     | Interior  |    63
(4 rows)

