 brand_id | sum  
----------+------
       35 | 2431
       33 | 2158
       31 | 1117
       30 | 3012
       29 | 1735
       28 | 2200
       27 | 2596
       25 | 1829
       23 | 1293
(9 rows)

