 brand_id | brand_name | brand_type |      avgprice       
----------+------------+------------+---------------------
       29 | BUSTERS    | VALUE      | 22.5860000000000000
(1 row)

